<html>
<body>
<pre>
<h1>µVision Build Log</h1>
<h2>Project:</h2>
C:\Users\HP\OneDrive\Documents\ARM\TRAFFIC\traffic light\trafficarm.uvproj
Project File Date:  10/30/2024

<h2>Output:</h2>
Rebuild target 'Target 1'
assembling Startup.s...
compiling tfl.c...
tfl.c(4): warning:  #1295-D: Deprecated declaration redandgreen - give arg types
  void redandgreen();
tfl.c(5): warning:  #1295-D: Deprecated declaration yellow - give arg types
  void yellow();
tfl.c: 2 warnings, 0 errors
linking...
Program Size: Code=1012 RO-data=16 RW-data=0 ZI-data=1256  
FromELF: creating hex file...
".\trafficarm.axf" - 0 Error(s), 2 Warning(s).
</pre>
</body>
</html>
l.c(43): error:  #40: expected an identifier
  IO1CLR=0x00040000;
tfl.c(43): error:  #18: expected a ")"
  IO1CLR=0x00040000;
tfl.c(43): error:  #144: a value of type "int" cannot be used to initialize an entity of type "int *"
  IO1CLR=0x00040000;
tfl.c: 2 warnings, 6 errors
"tfl.c" - 6 Error(s), 2 Warning(s).
compiling tfl.c...
tfl.c(4): warning:  #1295-D: Deprecated declaration redandgreen - give arg types
  void redandgreen();
tfl.c(5): warning:  #1295-D: Deprecated declaration yellow - give arg types
  void yellow();
tfl.c: 2 warnings, 0 errors
"tfl.c" - 0 Error(s), 2 Warning(s).
